[0.217s] DEBUG:colcon:Command line arguments: ['/usr/bin/colcon', 'list']
[0.217s] DEBUG:colcon:Parsed command line arguments: Namespace(log_base=None, log_level=None, verb_name='list', build_base='build', ignore_user_meta=False, metas=['./colcon.meta'], base_paths=['.'], packages_ignore=None, packages_ignore_regex=None, paths=None, packages_up_to=None, packages_up_to_regex=None, packages_above=None, packages_above_and_dependencies=None, packages_above_depth=None, packages_select_by_dep=None, packages_skip_by_dep=None, packages_skip_up_to=None, packages_select_build_failed=False, packages_skip_build_finished=False, packages_select_test_failures=False, packages_skip_test_passed=False, packages_select=None, packages_skip=None, packages_select_regex=None, packages_skip_regex=None, packages_start=None, packages_end=None, allow_overriding=[], topological_order=False, names_only=False, paths_only=False, topological_graph=False, topological_graph_dot=False, topological_graph_density=False, topological_graph_legend=False, topological_graph_dot_cluster=False, topological_graph_dot_include_skipped=False, mixin_files=None, mixin=None, verb_parser=<colcon_mixin.mixin.mixin_argument.MixinArgumentDecorator object at 0xffffa2bc15a0>, verb_extension=<colcon_package_information.verb.list.ListVerb object at 0xffffa2bc04c0>, main=<bound method ListVerb.main of <colcon_package_information.verb.list.ListVerb object at 0xffffa2bc04c0>>, mixin_verb=('list',))
[0.578s] Level 1:colcon.colcon_core.package_discovery:discover_packages(colcon_meta) check parameters
[0.579s] Level 1:colcon.colcon_core.package_discovery:discover_packages(recursive) check parameters
[0.579s] Level 1:colcon.colcon_core.package_discovery:discover_packages(ignore) check parameters
[0.579s] Level 1:colcon.colcon_core.package_discovery:discover_packages(path) check parameters
[0.579s] Level 1:colcon.colcon_core.package_discovery:discover_packages(colcon_meta) discover
[0.579s] Level 1:colcon.colcon_core.package_discovery:discover_packages(recursive) discover
[0.579s] INFO:colcon.colcon_core.package_discovery:Crawling recursively for packages in '/home/jetsonblue/yuhao/vtc26_ws/src'
[0.579s] Level 1:colcon.colcon_core.package_identification:_identify(.) by extensions ['ignore', 'ignore_ament_install']
[0.580s] Level 1:colcon.colcon_core.package_identification:_identify(.) by extension 'ignore'
[0.580s] Level 1:colcon.colcon_core.package_identification:_identify(.) by extension 'ignore_ament_install'
[0.580s] Level 1:colcon.colcon_core.package_identification:_identify(.) by extensions ['colcon_pkg']
[0.580s] Level 1:colcon.colcon_core.package_identification:_identify(.) by extension 'colcon_pkg'
[0.580s] Level 1:colcon.colcon_core.package_identification:_identify(.) by extensions ['colcon_meta']
[0.581s] Level 1:colcon.colcon_core.package_identification:_identify(.) by extension 'colcon_meta'
[0.581s] Level 1:colcon.colcon_core.package_identification:_identify(.) by extensions ['ros']
[0.581s] Level 1:colcon.colcon_core.package_identification:_identify(.) by extension 'ros'
[0.606s] Level 1:colcon.colcon_core.package_identification:_identify(.) by extensions ['cmake', 'python']
[0.606s] Level 1:colcon.colcon_core.package_identification:_identify(.) by extension 'cmake'
[0.606s] Level 1:colcon.colcon_core.package_identification:_identify(.) by extension 'python'
[0.606s] Level 1:colcon.colcon_core.package_identification:_identify(.) by extensions ['python_setup_py']
[0.606s] Level 1:colcon.colcon_core.package_identification:_identify(.) by extension 'python_setup_py'
[0.607s] Level 1:colcon.colcon_core.package_identification:_identify(f1tenth_system) by extensions ['ignore', 'ignore_ament_install']
[0.607s] Level 1:colcon.colcon_core.package_identification:_identify(f1tenth_system) by extension 'ignore'
[0.607s] Level 1:colcon.colcon_core.package_identification:_identify(f1tenth_system) by extension 'ignore_ament_install'
[0.607s] Level 1:colcon.colcon_core.package_identification:_identify(f1tenth_system) by extensions ['colcon_pkg']
[0.607s] Level 1:colcon.colcon_core.package_identification:_identify(f1tenth_system) by extension 'colcon_pkg'
[0.607s] Level 1:colcon.colcon_core.package_identification:_identify(f1tenth_system) by extensions ['colcon_meta']
[0.607s] Level 1:colcon.colcon_core.package_identification:_identify(f1tenth_system) by extension 'colcon_meta'
[0.607s] Level 1:colcon.colcon_core.package_identification:_identify(f1tenth_system) by extensions ['ros']
[0.608s] Level 1:colcon.colcon_core.package_identification:_identify(f1tenth_system) by extension 'ros'
[0.608s] Level 1:colcon.colcon_core.package_identification:_identify(f1tenth_system) by extensions ['cmake', 'python']
[0.608s] Level 1:colcon.colcon_core.package_identification:_identify(f1tenth_system) by extension 'cmake'
[0.608s] Level 1:colcon.colcon_core.package_identification:_identify(f1tenth_system) by extension 'python'
[0.608s] Level 1:colcon.colcon_core.package_identification:_identify(f1tenth_system) by extensions ['python_setup_py']
[0.608s] Level 1:colcon.colcon_core.package_identification:_identify(f1tenth_system) by extension 'python_setup_py'
[0.608s] Level 1:colcon.colcon_core.package_identification:_identify(f1tenth_system/ackermann_mux) by extensions ['ignore', 'ignore_ament_install']
[0.609s] Level 1:colcon.colcon_core.package_identification:_identify(f1tenth_system/ackermann_mux) by extension 'ignore'
[0.609s] Level 1:colcon.colcon_core.package_identification:_identify(f1tenth_system/ackermann_mux) by extension 'ignore_ament_install'
[0.609s] Level 1:colcon.colcon_core.package_identification:_identify(f1tenth_system/ackermann_mux) by extensions ['colcon_pkg']
[0.609s] Level 1:colcon.colcon_core.package_identification:_identify(f1tenth_system/ackermann_mux) by extension 'colcon_pkg'
[0.609s] Level 1:colcon.colcon_core.package_identification:_identify(f1tenth_system/ackermann_mux) by extensions ['colcon_meta']
[0.609s] Level 1:colcon.colcon_core.package_identification:_identify(f1tenth_system/ackermann_mux) by extension 'colcon_meta'
[0.609s] Level 1:colcon.colcon_core.package_identification:_identify(f1tenth_system/ackermann_mux) by extensions ['ros']
[0.609s] Level 1:colcon.colcon_core.package_identification:_identify(f1tenth_system/ackermann_mux) by extension 'ros'
[0.615s] DEBUG:colcon.colcon_core.package_identification:Package 'f1tenth_system/ackermann_mux' with type 'ros.ament_cmake' and name 'ackermann_mux'
[0.616s] Level 1:colcon.colcon_core.package_identification:_identify(f1tenth_system/f1tenth_stack) by extensions ['ignore', 'ignore_ament_install']
[0.616s] Level 1:colcon.colcon_core.package_identification:_identify(f1tenth_system/f1tenth_stack) by extension 'ignore'
[0.616s] Level 1:colcon.colcon_core.package_identification:_identify(f1tenth_system/f1tenth_stack) by extension 'ignore_ament_install'
[0.616s] Level 1:colcon.colcon_core.package_identification:_identify(f1tenth_system/f1tenth_stack) by extensions ['colcon_pkg']
[0.616s] Level 1:colcon.colcon_core.package_identification:_identify(f1tenth_system/f1tenth_stack) by extension 'colcon_pkg'
[0.617s] Level 1:colcon.colcon_core.package_identification:_identify(f1tenth_system/f1tenth_stack) by extensions ['colcon_meta']
[0.617s] Level 1:colcon.colcon_core.package_identification:_identify(f1tenth_system/f1tenth_stack) by extension 'colcon_meta'
[0.617s] Level 1:colcon.colcon_core.package_identification:_identify(f1tenth_system/f1tenth_stack) by extensions ['ros']
[0.617s] Level 1:colcon.colcon_core.package_identification:_identify(f1tenth_system/f1tenth_stack) by extension 'ros'
[0.619s] DEBUG:colcon.colcon_core.package_identification:Package 'f1tenth_system/f1tenth_stack' with type 'ros.ament_python' and name 'f1tenth_stack'
[0.619s] Level 1:colcon.colcon_core.package_identification:_identify(f1tenth_system/scripts) by extensions ['ignore', 'ignore_ament_install']
[0.620s] Level 1:colcon.colcon_core.package_identification:_identify(f1tenth_system/scripts) by extension 'ignore'
[0.620s] Level 1:colcon.colcon_core.package_identification:_identify(f1tenth_system/scripts) by extension 'ignore_ament_install'
[0.620s] Level 1:colcon.colcon_core.package_identification:_identify(f1tenth_system/scripts) by extensions ['colcon_pkg']
[0.620s] Level 1:colcon.colcon_core.package_identification:_identify(f1tenth_system/scripts) by extension 'colcon_pkg'
[0.620s] Level 1:colcon.colcon_core.package_identification:_identify(f1tenth_system/scripts) by extensions ['colcon_meta']
[0.620s] Level 1:colcon.colcon_core.package_identification:_identify(f1tenth_system/scripts) by extension 'colcon_meta'
[0.620s] Level 1:colcon.colcon_core.package_identification:_identify(f1tenth_system/scripts) by extensions ['ros']
[0.620s] Level 1:colcon.colcon_core.package_identification:_identify(f1tenth_system/scripts) by extension 'ros'
[0.621s] Level 1:colcon.colcon_core.package_identification:_identify(f1tenth_system/scripts) by extensions ['cmake', 'python']
[0.621s] Level 1:colcon.colcon_core.package_identification:_identify(f1tenth_system/scripts) by extension 'cmake'
[0.621s] Level 1:colcon.colcon_core.package_identification:_identify(f1tenth_system/scripts) by extension 'python'
[0.621s] Level 1:colcon.colcon_core.package_identification:_identify(f1tenth_system/scripts) by extensions ['python_setup_py']
[0.621s] Level 1:colcon.colcon_core.package_identification:_identify(f1tenth_system/scripts) by extension 'python_setup_py'
[0.621s] Level 1:colcon.colcon_core.package_identification:_identify(f1tenth_system/teleop_tools) by extensions ['ignore', 'ignore_ament_install']
[0.621s] Level 1:colcon.colcon_core.package_identification:_identify(f1tenth_system/teleop_tools) by extension 'ignore'
[0.622s] Level 1:colcon.colcon_core.package_identification:_identify(f1tenth_system/teleop_tools) by extension 'ignore_ament_install'
[0.622s] Level 1:colcon.colcon_core.package_identification:_identify(f1tenth_system/teleop_tools) by extensions ['colcon_pkg']
[0.622s] Level 1:colcon.colcon_core.package_identification:_identify(f1tenth_system/teleop_tools) by extension 'colcon_pkg'
[0.622s] Level 1:colcon.colcon_core.package_identification:_identify(f1tenth_system/teleop_tools) by extensions ['colcon_meta']
[0.622s] Level 1:colcon.colcon_core.package_identification:_identify(f1tenth_system/teleop_tools) by extension 'colcon_meta'
[0.622s] Level 1:colcon.colcon_core.package_identification:_identify(f1tenth_system/teleop_tools) by extensions ['ros']
[0.622s] Level 1:colcon.colcon_core.package_identification:_identify(f1tenth_system/teleop_tools) by extension 'ros'
[0.622s] Level 1:colcon.colcon_core.package_identification:_identify(f1tenth_system/teleop_tools) by extensions ['cmake', 'python']
[0.622s] Level 1:colcon.colcon_core.package_identification:_identify(f1tenth_system/teleop_tools) by extension 'cmake'
[0.622s] Level 1:colcon.colcon_core.package_identification:_identify(f1tenth_system/teleop_tools) by extension 'python'
[0.622s] Level 1:colcon.colcon_core.package_identification:_identify(f1tenth_system/teleop_tools) by extensions ['python_setup_py']
[0.623s] Level 1:colcon.colcon_core.package_identification:_identify(f1tenth_system/teleop_tools) by extension 'python_setup_py'
[0.623s] Level 1:colcon.colcon_core.package_identification:_identify(f1tenth_system/teleop_tools/joy_teleop) by extensions ['ignore', 'ignore_ament_install']
[0.623s] Level 1:colcon.colcon_core.package_identification:_identify(f1tenth_system/teleop_tools/joy_teleop) by extension 'ignore'
[0.623s] Level 1:colcon.colcon_core.package_identification:_identify(f1tenth_system/teleop_tools/joy_teleop) by extension 'ignore_ament_install'
[0.623s] Level 1:colcon.colcon_core.package_identification:_identify(f1tenth_system/teleop_tools/joy_teleop) by extensions ['colcon_pkg']
[0.623s] Level 1:colcon.colcon_core.package_identification:_identify(f1tenth_system/teleop_tools/joy_teleop) by extension 'colcon_pkg'
[0.623s] Level 1:colcon.colcon_core.package_identification:_identify(f1tenth_system/teleop_tools/joy_teleop) by extensions ['colcon_meta']
[0.623s] Level 1:colcon.colcon_core.package_identification:_identify(f1tenth_system/teleop_tools/joy_teleop) by extension 'colcon_meta'
[0.624s] Level 1:colcon.colcon_core.package_identification:_identify(f1tenth_system/teleop_tools/joy_teleop) by extensions ['ros']
[0.624s] Level 1:colcon.colcon_core.package_identification:_identify(f1tenth_system/teleop_tools/joy_teleop) by extension 'ros'
[0.625s] DEBUG:colcon.colcon_core.package_identification:Package 'f1tenth_system/teleop_tools/joy_teleop' with type 'ros.ament_python' and name 'joy_teleop'
[0.625s] Level 1:colcon.colcon_core.package_identification:_identify(f1tenth_system/teleop_tools/key_teleop) by extensions ['ignore', 'ignore_ament_install']
[0.625s] Level 1:colcon.colcon_core.package_identification:_identify(f1tenth_system/teleop_tools/key_teleop) by extension 'ignore'
[0.626s] Level 1:colcon.colcon_core.package_identification:_identify(f1tenth_system/teleop_tools/key_teleop) by extension 'ignore_ament_install'
[0.626s] Level 1:colcon.colcon_core.package_identification:_identify(f1tenth_system/teleop_tools/key_teleop) by extensions ['colcon_pkg']
[0.626s] Level 1:colcon.colcon_core.package_identification:_identify(f1tenth_system/teleop_tools/key_teleop) by extension 'colcon_pkg'
[0.626s] Level 1:colcon.colcon_core.package_identification:_identify(f1tenth_system/teleop_tools/key_teleop) by extensions ['colcon_meta']
[0.626s] Level 1:colcon.colcon_core.package_identification:_identify(f1tenth_system/teleop_tools/key_teleop) by extension 'colcon_meta'
[0.626s] Level 1:colcon.colcon_core.package_identification:_identify(f1tenth_system/teleop_tools/key_teleop) by extensions ['ros']
[0.626s] Level 1:colcon.colcon_core.package_identification:_identify(f1tenth_system/teleop_tools/key_teleop) by extension 'ros'
[0.627s] DEBUG:colcon.colcon_core.package_identification:Package 'f1tenth_system/teleop_tools/key_teleop' with type 'ros.ament_python' and name 'key_teleop'
[0.627s] Level 1:colcon.colcon_core.package_identification:_identify(f1tenth_system/teleop_tools/mouse_teleop) by extensions ['ignore', 'ignore_ament_install']
[0.628s] Level 1:colcon.colcon_core.package_identification:_identify(f1tenth_system/teleop_tools/mouse_teleop) by extension 'ignore'
[0.628s] Level 1:colcon.colcon_core.package_identification:_identify(f1tenth_system/teleop_tools/mouse_teleop) by extension 'ignore_ament_install'
[0.628s] Level 1:colcon.colcon_core.package_identification:_identify(f1tenth_system/teleop_tools/mouse_teleop) by extensions ['colcon_pkg']
[0.628s] Level 1:colcon.colcon_core.package_identification:_identify(f1tenth_system/teleop_tools/mouse_teleop) by extension 'colcon_pkg'
[0.628s] Level 1:colcon.colcon_core.package_identification:_identify(f1tenth_system/teleop_tools/mouse_teleop) by extensions ['colcon_meta']
[0.628s] Level 1:colcon.colcon_core.package_identification:_identify(f1tenth_system/teleop_tools/mouse_teleop) by extension 'colcon_meta'
[0.628s] Level 1:colcon.colcon_core.package_identification:_identify(f1tenth_system/teleop_tools/mouse_teleop) by extensions ['ros']
[0.628s] Level 1:colcon.colcon_core.package_identification:_identify(f1tenth_system/teleop_tools/mouse_teleop) by extension 'ros'
[0.630s] DEBUG:colcon.colcon_core.package_identification:Package 'f1tenth_system/teleop_tools/mouse_teleop' with type 'ros.ament_python' and name 'mouse_teleop'
[0.630s] Level 1:colcon.colcon_core.package_identification:_identify(f1tenth_system/teleop_tools/teleop_tools) by extensions ['ignore', 'ignore_ament_install']
[0.630s] Level 1:colcon.colcon_core.package_identification:_identify(f1tenth_system/teleop_tools/teleop_tools) by extension 'ignore'
[0.630s] Level 1:colcon.colcon_core.package_identification:_identify(f1tenth_system/teleop_tools/teleop_tools) by extension 'ignore_ament_install'
[0.630s] Level 1:colcon.colcon_core.package_identification:_identify(f1tenth_system/teleop_tools/teleop_tools) by extensions ['colcon_pkg']
[0.630s] Level 1:colcon.colcon_core.package_identification:_identify(f1tenth_system/teleop_tools/teleop_tools) by extension 'colcon_pkg'
[0.631s] Level 1:colcon.colcon_core.package_identification:_identify(f1tenth_system/teleop_tools/teleop_tools) by extensions ['colcon_meta']
[0.631s] Level 1:colcon.colcon_core.package_identification:_identify(f1tenth_system/teleop_tools/teleop_tools) by extension 'colcon_meta'
[0.631s] Level 1:colcon.colcon_core.package_identification:_identify(f1tenth_system/teleop_tools/teleop_tools) by extensions ['ros']
[0.631s] Level 1:colcon.colcon_core.package_identification:_identify(f1tenth_system/teleop_tools/teleop_tools) by extension 'ros'
[0.632s] DEBUG:colcon.colcon_core.package_identification:Package 'f1tenth_system/teleop_tools/teleop_tools' with type 'ros.ament_cmake' and name 'teleop_tools'
[0.632s] Level 1:colcon.colcon_core.package_identification:_identify(f1tenth_system/teleop_tools/teleop_tools_msgs) by extensions ['ignore', 'ignore_ament_install']
[0.633s] Level 1:colcon.colcon_core.package_identification:_identify(f1tenth_system/teleop_tools/teleop_tools_msgs) by extension 'ignore'
[0.633s] Level 1:colcon.colcon_core.package_identification:_identify(f1tenth_system/teleop_tools/teleop_tools_msgs) by extension 'ignore_ament_install'
[0.633s] Level 1:colcon.colcon_core.package_identification:_identify(f1tenth_system/teleop_tools/teleop_tools_msgs) by extensions ['colcon_pkg']
[0.633s] Level 1:colcon.colcon_core.package_identification:_identify(f1tenth_system/teleop_tools/teleop_tools_msgs) by extension 'colcon_pkg'
[0.633s] Level 1:colcon.colcon_core.package_identification:_identify(f1tenth_system/teleop_tools/teleop_tools_msgs) by extensions ['colcon_meta']
[0.633s] Level 1:colcon.colcon_core.package_identification:_identify(f1tenth_system/teleop_tools/teleop_tools_msgs) by extension 'colcon_meta'
[0.633s] Level 1:colcon.colcon_core.package_identification:_identify(f1tenth_system/teleop_tools/teleop_tools_msgs) by extensions ['ros']
[0.633s] Level 1:colcon.colcon_core.package_identification:_identify(f1tenth_system/teleop_tools/teleop_tools_msgs) by extension 'ros'
[0.634s] DEBUG:colcon.colcon_core.package_identification:Package 'f1tenth_system/teleop_tools/teleop_tools_msgs' with type 'ros.ament_cmake' and name 'teleop_tools_msgs'
[0.635s] Level 1:colcon.colcon_core.package_identification:_identify(f1tenth_system/vesc) by extensions ['ignore', 'ignore_ament_install']
[0.635s] Level 1:colcon.colcon_core.package_identification:_identify(f1tenth_system/vesc) by extension 'ignore'
[0.635s] Level 1:colcon.colcon_core.package_identification:_identify(f1tenth_system/vesc) by extension 'ignore_ament_install'
[0.635s] Level 1:colcon.colcon_core.package_identification:_identify(f1tenth_system/vesc) by extensions ['colcon_pkg']
[0.635s] Level 1:colcon.colcon_core.package_identification:_identify(f1tenth_system/vesc) by extension 'colcon_pkg'
[0.635s] Level 1:colcon.colcon_core.package_identification:_identify(f1tenth_system/vesc) by extensions ['colcon_meta']
[0.635s] Level 1:colcon.colcon_core.package_identification:_identify(f1tenth_system/vesc) by extension 'colcon_meta'
[0.635s] Level 1:colcon.colcon_core.package_identification:_identify(f1tenth_system/vesc) by extensions ['ros']
[0.636s] Level 1:colcon.colcon_core.package_identification:_identify(f1tenth_system/vesc) by extension 'ros'
[0.636s] Level 1:colcon.colcon_core.package_identification:_identify(f1tenth_system/vesc) by extensions ['cmake', 'python']
[0.636s] Level 1:colcon.colcon_core.package_identification:_identify(f1tenth_system/vesc) by extension 'cmake'
[0.636s] Level 1:colcon.colcon_core.package_identification:_identify(f1tenth_system/vesc) by extension 'python'
[0.636s] Level 1:colcon.colcon_core.package_identification:_identify(f1tenth_system/vesc) by extensions ['python_setup_py']
[0.636s] Level 1:colcon.colcon_core.package_identification:_identify(f1tenth_system/vesc) by extension 'python_setup_py'
[0.636s] Level 1:colcon.colcon_core.package_identification:_identify(f1tenth_system/vesc/vesc) by extensions ['ignore', 'ignore_ament_install']
[0.636s] Level 1:colcon.colcon_core.package_identification:_identify(f1tenth_system/vesc/vesc) by extension 'ignore'
[0.637s] Level 1:colcon.colcon_core.package_identification:_identify(f1tenth_system/vesc/vesc) by extension 'ignore_ament_install'
[0.637s] Level 1:colcon.colcon_core.package_identification:_identify(f1tenth_system/vesc/vesc) by extensions ['colcon_pkg']
[0.637s] Level 1:colcon.colcon_core.package_identification:_identify(f1tenth_system/vesc/vesc) by extension 'colcon_pkg'
[0.637s] Level 1:colcon.colcon_core.package_identification:_identify(f1tenth_system/vesc/vesc) by extensions ['colcon_meta']
[0.637s] Level 1:colcon.colcon_core.package_identification:_identify(f1tenth_system/vesc/vesc) by extension 'colcon_meta'
[0.637s] Level 1:colcon.colcon_core.package_identification:_identify(f1tenth_system/vesc/vesc) by extensions ['ros']
[0.637s] Level 1:colcon.colcon_core.package_identification:_identify(f1tenth_system/vesc/vesc) by extension 'ros'
[0.638s] DEBUG:colcon.colcon_core.package_identification:Package 'f1tenth_system/vesc/vesc' with type 'ros.ament_cmake' and name 'vesc'
[0.639s] Level 1:colcon.colcon_core.package_identification:_identify(f1tenth_system/vesc/vesc_ackermann) by extensions ['ignore', 'ignore_ament_install']
[0.639s] Level 1:colcon.colcon_core.package_identification:_identify(f1tenth_system/vesc/vesc_ackermann) by extension 'ignore'
[0.639s] Level 1:colcon.colcon_core.package_identification:_identify(f1tenth_system/vesc/vesc_ackermann) by extension 'ignore_ament_install'
[0.639s] Level 1:colcon.colcon_core.package_identification:_identify(f1tenth_system/vesc/vesc_ackermann) by extensions ['colcon_pkg']
[0.639s] Level 1:colcon.colcon_core.package_identification:_identify(f1tenth_system/vesc/vesc_ackermann) by extension 'colcon_pkg'
[0.639s] Level 1:colcon.colcon_core.package_identification:_identify(f1tenth_system/vesc/vesc_ackermann) by extensions ['colcon_meta']
[0.639s] Level 1:colcon.colcon_core.package_identification:_identify(f1tenth_system/vesc/vesc_ackermann) by extension 'colcon_meta'
[0.640s] Level 1:colcon.colcon_core.package_identification:_identify(f1tenth_system/vesc/vesc_ackermann) by extensions ['ros']
[0.640s] Level 1:colcon.colcon_core.package_identification:_identify(f1tenth_system/vesc/vesc_ackermann) by extension 'ros'
[0.642s] DEBUG:colcon.colcon_core.package_identification:Package 'f1tenth_system/vesc/vesc_ackermann' with type 'ros.ament_cmake' and name 'vesc_ackermann'
[0.642s] Level 1:colcon.colcon_core.package_identification:_identify(f1tenth_system/vesc/vesc_driver) by extensions ['ignore', 'ignore_ament_install']
[0.642s] Level 1:colcon.colcon_core.package_identification:_identify(f1tenth_system/vesc/vesc_driver) by extension 'ignore'
[0.642s] Level 1:colcon.colcon_core.package_identification:_identify(f1tenth_system/vesc/vesc_driver) by extension 'ignore_ament_install'
[0.642s] Level 1:colcon.colcon_core.package_identification:_identify(f1tenth_system/vesc/vesc_driver) by extensions ['colcon_pkg']
[0.642s] Level 1:colcon.colcon_core.package_identification:_identify(f1tenth_system/vesc/vesc_driver) by extension 'colcon_pkg'
[0.643s] Level 1:colcon.colcon_core.package_identification:_identify(f1tenth_system/vesc/vesc_driver) by extensions ['colcon_meta']
[0.643s] Level 1:colcon.colcon_core.package_identification:_identify(f1tenth_system/vesc/vesc_driver) by extension 'colcon_meta'
[0.643s] Level 1:colcon.colcon_core.package_identification:_identify(f1tenth_system/vesc/vesc_driver) by extensions ['ros']
[0.643s] Level 1:colcon.colcon_core.package_identification:_identify(f1tenth_system/vesc/vesc_driver) by extension 'ros'
[0.645s] DEBUG:colcon.colcon_core.package_identification:Package 'f1tenth_system/vesc/vesc_driver' with type 'ros.ament_cmake' and name 'vesc_driver'
[0.645s] Level 1:colcon.colcon_core.package_identification:_identify(f1tenth_system/vesc/vesc_msgs) by extensions ['ignore', 'ignore_ament_install']
[0.645s] Level 1:colcon.colcon_core.package_identification:_identify(f1tenth_system/vesc/vesc_msgs) by extension 'ignore'
[0.645s] Level 1:colcon.colcon_core.package_identification:_identify(f1tenth_system/vesc/vesc_msgs) by extension 'ignore_ament_install'
[0.646s] Level 1:colcon.colcon_core.package_identification:_identify(f1tenth_system/vesc/vesc_msgs) by extensions ['colcon_pkg']
[0.646s] Level 1:colcon.colcon_core.package_identification:_identify(f1tenth_system/vesc/vesc_msgs) by extension 'colcon_pkg'
[0.646s] Level 1:colcon.colcon_core.package_identification:_identify(f1tenth_system/vesc/vesc_msgs) by extensions ['colcon_meta']
[0.646s] Level 1:colcon.colcon_core.package_identification:_identify(f1tenth_system/vesc/vesc_msgs) by extension 'colcon_meta'
[0.646s] Level 1:colcon.colcon_core.package_identification:_identify(f1tenth_system/vesc/vesc_msgs) by extensions ['ros']
[0.646s] Level 1:colcon.colcon_core.package_identification:_identify(f1tenth_system/vesc/vesc_msgs) by extension 'ros'
[0.648s] DEBUG:colcon.colcon_core.package_identification:Package 'f1tenth_system/vesc/vesc_msgs' with type 'ros.ament_cmake' and name 'vesc_msgs'
[0.648s] Level 1:colcon.colcon_core.package_identification:_identify(gap_follow) by extensions ['ignore', 'ignore_ament_install']
[0.648s] Level 1:colcon.colcon_core.package_identification:_identify(gap_follow) by extension 'ignore'
[0.648s] Level 1:colcon.colcon_core.package_identification:_identify(gap_follow) by extension 'ignore_ament_install'
[0.648s] Level 1:colcon.colcon_core.package_identification:_identify(gap_follow) by extensions ['colcon_pkg']
[0.649s] Level 1:colcon.colcon_core.package_identification:_identify(gap_follow) by extension 'colcon_pkg'
[0.649s] Level 1:colcon.colcon_core.package_identification:_identify(gap_follow) by extensions ['colcon_meta']
[0.649s] Level 1:colcon.colcon_core.package_identification:_identify(gap_follow) by extension 'colcon_meta'
[0.649s] Level 1:colcon.colcon_core.package_identification:_identify(gap_follow) by extensions ['ros']
[0.649s] Level 1:colcon.colcon_core.package_identification:_identify(gap_follow) by extension 'ros'
[0.651s] DEBUG:colcon.colcon_core.package_identification:Package 'gap_follow' with type 'ros.ament_cmake' and name 'gap_follow'
[0.651s] Level 1:colcon.colcon_core.package_identification:_identify(log) by extensions ['ignore', 'ignore_ament_install']
[0.651s] Level 1:colcon.colcon_core.package_identification:_identify(log) by extension 'ignore'
[0.651s] Level 1:colcon.colcon_core.package_identification:_identify(log) ignored
[0.651s] Level 1:colcon.colcon_core.package_identification:_identify(motion_planning) by extensions ['ignore', 'ignore_ament_install']
[0.652s] Level 1:colcon.colcon_core.package_identification:_identify(motion_planning) by extension 'ignore'
[0.652s] Level 1:colcon.colcon_core.package_identification:_identify(motion_planning) by extension 'ignore_ament_install'
[0.652s] Level 1:colcon.colcon_core.package_identification:_identify(motion_planning) by extensions ['colcon_pkg']
[0.652s] Level 1:colcon.colcon_core.package_identification:_identify(motion_planning) by extension 'colcon_pkg'
[0.652s] Level 1:colcon.colcon_core.package_identification:_identify(motion_planning) by extensions ['colcon_meta']
[0.652s] Level 1:colcon.colcon_core.package_identification:_identify(motion_planning) by extension 'colcon_meta'
[0.652s] Level 1:colcon.colcon_core.package_identification:_identify(motion_planning) by extensions ['ros']
[0.652s] Level 1:colcon.colcon_core.package_identification:_identify(motion_planning) by extension 'ros'
[0.655s] DEBUG:colcon.colcon_core.package_identification:Package 'motion_planning' with type 'ros.ament_cmake' and name 'motion_planning'
[0.655s] Level 1:colcon.colcon_core.package_identification:_identify(particle_filter) by extensions ['ignore', 'ignore_ament_install']
[0.655s] Level 1:colcon.colcon_core.package_identification:_identify(particle_filter) by extension 'ignore'
[0.655s] Level 1:colcon.colcon_core.package_identification:_identify(particle_filter) by extension 'ignore_ament_install'
[0.655s] Level 1:colcon.colcon_core.package_identification:_identify(particle_filter) by extensions ['colcon_pkg']
[0.655s] Level 1:colcon.colcon_core.package_identification:_identify(particle_filter) by extension 'colcon_pkg'
[0.656s] Level 1:colcon.colcon_core.package_identification:_identify(particle_filter) by extensions ['colcon_meta']
[0.656s] Level 1:colcon.colcon_core.package_identification:_identify(particle_filter) by extension 'colcon_meta'
[0.656s] Level 1:colcon.colcon_core.package_identification:_identify(particle_filter) by extensions ['ros']
[0.656s] Level 1:colcon.colcon_core.package_identification:_identify(particle_filter) by extension 'ros'
[0.658s] DEBUG:colcon.colcon_core.package_identification:Package 'particle_filter' with type 'ros.ament_python' and name 'particle_filter'
[0.659s] Level 1:colcon.colcon_core.package_identification:_identify(trajectory_planner) by extensions ['ignore', 'ignore_ament_install']
[0.659s] Level 1:colcon.colcon_core.package_identification:_identify(trajectory_planner) by extension 'ignore'
[0.659s] Level 1:colcon.colcon_core.package_identification:_identify(trajectory_planner) by extension 'ignore_ament_install'
[0.659s] Level 1:colcon.colcon_core.package_identification:_identify(trajectory_planner) by extensions ['colcon_pkg']
[0.659s] Level 1:colcon.colcon_core.package_identification:_identify(trajectory_planner) by extension 'colcon_pkg'
[0.659s] Level 1:colcon.colcon_core.package_identification:_identify(trajectory_planner) by extensions ['colcon_meta']
[0.659s] Level 1:colcon.colcon_core.package_identification:_identify(trajectory_planner) by extension 'colcon_meta'
[0.659s] Level 1:colcon.colcon_core.package_identification:_identify(trajectory_planner) by extensions ['ros']
[0.660s] Level 1:colcon.colcon_core.package_identification:_identify(trajectory_planner) by extension 'ros'
[0.662s] DEBUG:colcon.colcon_core.package_identification:Package 'trajectory_planner' with type 'ros.ament_python' and name 'trajectory_planner'
[0.662s] Level 1:colcon.colcon_core.package_discovery:discover_packages(recursive) using defaults
[0.662s] Level 1:colcon.colcon_core.package_discovery:discover_packages(ignore) discover
[0.662s] Level 1:colcon.colcon_core.package_discovery:discover_packages(ignore) using defaults
[0.662s] Level 1:colcon.colcon_core.package_discovery:discover_packages(path) discover
[0.662s] Level 1:colcon.colcon_core.package_discovery:discover_packages(path) using defaults
